================================================================================
AGENTCORE INVOKE LOG
Agent: montaiJoblibUtils
Runtime ARN: arn:aws:bedrock-agentcore:us-east-1:015551053535:runtime/montaiJoblibUtils_montaiJoblibUtils-QJXLo03Jlv
Region: us-east-1
Session ID: none
Started: 2026-07-21T15:37:56.301Z
================================================================================

[11:37:56.303] INVOKE REQUEST (Session: none)

--- REQUEST ---
{
  "timestamp": "2026-07-21T15:37:56.303Z",
  "agent": "montaiJoblibUtils",
  "runtimeArn": "arn:aws:bedrock-agentcore:us-east-1:015551053535:runtime/montaiJoblibUtils_montaiJoblibUtils-QJXLo03Jlv",
  "region": "us-east-1",
  "prompt": "acn predictions"
}
--- END REQUEST ---

[11:38:04.035] INVOKE RESPONSE (7732ms)

--- RESPONSE ---
{
  "timestamp": "2026-07-21T15:38:04.036Z",
  "durationMs": 7732,
  "success": true,
  "response": "{\n  \"query\": \"acn predictions\",\n  \"search_query\": \"predictions\",\n  \"classification\": {\n    \"known\": false,\n    \"job_type\": null,\n    \"confidence\": \"low\",\n    \"reason\": \"No job_type cue in query — will fan out across families\"\n  },\n  \"strategy\": \"parallel_fanout\",\n  \"elapsed_ms\": 1433,\n  \"by_job_type\": {\n    \"stepfunctions\": {\n      \"job_type\": \"stepfunctions\",\n      \"count\": 1,\n      \"error\": null,\n      \"results\": [\n        {\n          \"name\": \"ACN_Predictions\",\n          \"arn\": \"arn:aws:states:us-east-1:015551053535:stateMachine:ACN_Predictions\",\n          \"type\": \"STANDARD\",\n          \"creation_date\": \"2025-03-06 19:30:04.615000+00:00\",\n          \"job_type\": \"stepfunctions\"\n        }\n      ]\n    },\n    \"sagemaker_pipeline\": {\n      \"job_type\": \"sagemaker_pipeline\",\n      \"count\": 0,\n      \"error\": null,\n      \"results\": []\n    },\n    \"lambda\": {\n      \"job_type\": \"lambda\",\n      \"count\": 0,\n      \"error\": null,\n      \"results\": []\n    },\n    \"batch\": {\n      \"job_type\": \"batch\",\n      \"count\": 0,\n      \"error\": null,\n      \"results\": [],\n      \"skipped\": true,\n      \"note\": \"Skipped — fast families already returned hits (Batch list is slow).\"\n    }\n  },\n  \"hits\": [\n    {\n      \"name\": \"ACN_Predictions\",\n      \"arn\": \"arn:aws:states:us-east-1:015551053535:stateMachine:ACN_Predictions\",\n      \"type\": \"STANDARD\",\n      \"creation_date\": \"2025-03-06 19:30:04.615000+00:00\",\n      \"job_type\": \"stepfunctions\",\n      \"tree\": {\n        \"state\": \"ACN_Predictions\",\n        \"type\": \"StateMachine\",\n        \"start_at\": \"GenerateBatchConfigs\",\n        \"job_type\": \"stepfunctions\",\n        \"arn\": \"arn:aws:states:us-east-1:015551053535:stateMachine:ACN_Predictions\",\n        \"children\": [\n          {\n            \"state\": \"GenerateBatchConfigs\",\n            \"type\": \"Task\",\n            \"children\": [],\n            \"resource\": \"arn:aws:lambda:us-east-1:015551053535:function:generate_matrix_configs_lambda\",\n            \"resource_kind\": \"lambda\",\n            \"targets\": [\n              {\n                \"job_type\": \"lambda\",\n                \"name\": \"generate_matrix_configs_lambda\",\n                \"arn\": \"arn:aws:lambda:us-east-1:015551053535:function:generate_matrix_configs_lambda\"\n              }\n            ]\n          },\n          {\n            \"state\": \"CheckIfJobConfigsEmpty\",\n            \"type\": \"Choice\",\n            \"children\": []\n          },\n          {\n            \"state\": \"no_new_compounds\",\n            \"type\": \"Pass\",\n            \"children\": []\n          },\n          {\n            \"state\": \"Generate_ACN_Predictions\",\n            \"type\": \"Map\",\n            \"children\": [\n              {\n                \"state\": \"ACN_Predictions\",\n                \"type\": \"Task\",\n                \"children\": [],\n                \"resource\": \"arn:aws:states:::batch:submitJob.sync\",\n                \"resource_kind\": \"batch\",\n                \"targets\": [\n                  {\n                    \"job_type\": \"batch\",\n                    \"name\": \"acn_predictions\",\n                    \"arn\": \"arn:aws:batch:us-east-1:015551053535:job-definition/acn_predictions\",\n                    \"job_queue\": \"arn:aws:batch:us-east-1:015551053535:job-queue/PE_GPU_QUEUE_g4dn_8xlarge_400GiB\"\n                  }\n                ]\n              }\n            ]\n          }\n        ]\n      },\n      \"leaves\": [\n        {\n          \"job_type\": \"lambda\",\n          \"name\": \"generate_matrix_configs_lambda\",\n          \"arn\": \"arn:aws:lambda:us-east-1:015551053535:function:generate_matrix_configs_lambda\"\n        },\n        {\n          \"job_type\": \"batch\",\n          \"name\": \"acn_predictions\",\n          \"arn\": \"arn:aws:batch:us-east-1:015551053535:job-definition/acn_predictions\",\n          \"job_queue\": \"arn:aws:batch:us-east-1:015551053535:job-queue/PE_GPU_QUEUE_g4dn_8xlarge_400GiB\"\n        }\n      ],\n      \"leaf_count\": 2,\n      \"status\": \"ACTIVE\"\n    }\n  ],\n  \"primary\": {\n    \"name\": \"ACN_Predictions\",\n    \"arn\": \"arn:aws:states:us-east-1:015551053535:stateMachine:ACN_Predictions\",\n    \"type\": \"STANDARD\",\n    \"creation_date\": \"2025-03-06 19:30:04.615000+00:00\",\n    \"job_type\": \"stepfunctions\",\n    \"tree\": {\n      \"state\": \"ACN_Predictions\",\n      \"type\": \"StateMachine\",\n      \"start_at\": \"GenerateBatchConfigs\",\n      \"job_type\": \"stepfunctions\",\n      \"arn\": \"arn:aws:states:us-east-1:015551053535:stateMachine:ACN_Predictions\",\n      \"children\": [\n        {\n          \"state\": \"GenerateBatchConfigs\",\n          \"type\": \"Task\",\n          \"children\": [],\n          \"resource\": \"arn:aws:lambda:us-east-1:015551053535:function:generate_matrix_configs_lambda\",\n          \"resource_kind\": \"lambda\",\n          \"targets\": [\n            {\n              \"job_type\": \"lambda\",\n              \"name\": \"generate_matrix_configs_lambda\",\n              \"arn\": \"arn:aws:lambda:us-east-1:015551053535:function:generate_matrix_configs_lambda\"\n            }\n          ]\n        },\n        {\n          \"state\": \"CheckIfJobConfigsEmpty\",\n          \"type\": \"Choice\",\n          \"children\": []\n        },\n        {\n          \"state\": \"no_new_compounds\",\n          \"type\": \"Pass\",\n          \"children\": []\n        },\n        {\n          \"state\": \"Generate_ACN_Predictions\",\n          \"type\": \"Map\",\n          \"children\": [\n            {\n              \"state\": \"ACN_Predictions\",\n              \"type\": \"Task\",\n              \"children\": [],\n              \"resource\": \"arn:aws:states:::batch:submitJob.sync\",\n              \"resource_kind\": \"batch\",\n              \"targets\": [\n                {\n                  \"job_type\": \"batch\",\n                  \"name\": \"acn_predictions\",\n                  \"arn\": \"arn:aws:batch:us-east-1:015551053535:job-definition/acn_predictions\",\n                  \"job_queue\": \"arn:aws:batch:us-east-1:015551053535:job-queue/PE_GPU_QUEUE_g4dn_8xlarge_400GiB\"\n                }\n              ]\n            }\n          ]\n        }\n      ]\n    },\n    \"leaves\": [\n      {\n        \"job_type\": \"lambda\",\n        \"name\": \"generate_matrix_configs_lambda\",\n        \"arn\": \"arn:aws:lambda:us-east-1:015551053535:function:generate_matrix_configs_lambda\"\n      },\n      {\n        \"job_type\": \"batch\",\n        \"name\": \"acn_predictions\",\n        \"arn\": \"arn:aws:batch:us-east-1:015551053535:job-definition/acn_predictions\",\n        \"job_queue\": \"arn:aws:batch:us-east-1:015551053535:job-queue/PE_GPU_QUEUE_g4dn_8xlarge_400GiB\"\n      }\n    ],\n    \"leaf_count\": 2,\n    \"status\": \"ACTIVE\"\n  },\n  \"count\": 1\n}"
}
--- END RESPONSE ---

