================================================================================
AGENTCORE DEPLOY LOG
Command: deploy
Started: 2026-07-21T15:36:30.486Z
================================================================================


[11:36:30] STEP: Load deployment target
[11:36:35] Status: SUCCESS
[11:36:35] Duration: 5.1s

[11:36:35] STEP: Validate project
[11:36:38] Status: SUCCESS
[11:36:38] Duration: 2.5s

[11:36:38] STEP: Build CDK project
[11:36:41] Status: SUCCESS
[11:36:41] Duration: 2.5s

[11:36:41] STEP: Synthesize CloudFormation
[11:36:51] Status: SUCCESS
[11:36:51] Duration: 9.9s

[11:36:51] STEP: Check bootstrap status
[11:36:52] Status: SUCCESS
[11:36:52] Duration: 1.4s

[11:36:52] STEP: Check stack status
[11:36:53] Status: SUCCESS
[11:36:53] Duration: 1.2s

[11:36:53] STEP: Deploy to AWS
[11:37:37] Status: SUCCESS
[11:37:37] Duration: 43.6s

[11:37:37] STEP: Persist deployment state
[11:37:38] Status: SUCCESS
[11:37:38] Duration: 1.4s

================================================================================
COMPLETED SUCCESSFULLY
Total Duration: 1m 14s
================================================================================
