================================================================================
AGENTCORE DEPLOY LOG
Command: deploy
Started: 2026-07-21T15:03:56.542Z
================================================================================


[11:03:56] STEP: Load deployment target
[11:03:59] Status: SUCCESS
[11:03:59] Duration: 2.9s

[11:03:59] STEP: Validate project
[11:04:03] Status: SUCCESS
[11:04:03] Duration: 4.1s

[11:04:04] STEP: Build CDK project
[11:04:06] Status: SUCCESS
[11:04:06] Duration: 2.3s

[11:04:06] STEP: Synthesize CloudFormation
[11:04:27] Status: SUCCESS
[11:04:27] Duration: 20.9s

[11:04:27] STEP: Check bootstrap status
[11:04:28] Status: SUCCESS
[11:04:28] Duration: 966ms

[11:04:28] STEP: Check stack status
[11:04:29] Status: SUCCESS
[11:04:29] Duration: 801ms

[11:04:29] STEP: Deploy to AWS
[11:05:48] Status: SUCCESS
[11:05:48] Duration: 1m 19s

[11:05:48] STEP: Persist deployment state
[11:05:49] Status: SUCCESS
[11:05:49] Duration: 845ms

================================================================================
COMPLETED SUCCESSFULLY
Total Duration: 1m 57s
================================================================================
