================================================================================
AGENTCORE DEPLOY LOG
Command: deploy
Started: 2026-07-21T15:56:59.194Z
================================================================================


[11:56:59] STEP: Load deployment target
[11:56:59] Status: SUCCESS
[11:56:59] Duration: 5ms

[11:56:59] STEP: Validate project
[11:56:59] Status: SUCCESS
[11:56:59] Duration: 239ms

[11:56:59] STEP: Build CDK project
[11:57:01] Status: SUCCESS
[11:57:01] Duration: 2.5s

[11:57:01] STEP: Synthesize CloudFormation
[11:57:10] Status: SUCCESS
[11:57:10] Duration: 8.4s

[11:57:10] STEP: Check bootstrap status
[11:57:10] Status: SUCCESS
[11:57:10] Duration: 217ms

[11:57:10] STEP: Check stack status
[11:57:10] Status: SUCCESS
[11:57:10] Duration: 202ms

[11:57:10] STEP: Deploy to AWS
[11:57:13] Status: SUCCESS
[11:57:13] Duration: 2.6s

[11:57:13] STEP: Persist deployment state
[11:57:13] Status: SUCCESS
[11:57:13] Duration: 142ms

================================================================================
COMPLETED SUCCESSFULLY
Total Duration: 15.3s
================================================================================
