================================================================================
AGENTCORE DEPLOY LOG
Command: deploy
Started: 2026-07-21T15:48:07.282Z
================================================================================


[11:48:07] STEP: Load deployment target
[11:48:09] Status: SUCCESS
[11:48:09] Duration: 1.9s

[11:48:09] STEP: Validate project
[11:48:11] Status: SUCCESS
[11:48:11] Duration: 2.5s

[11:48:12] STEP: Build CDK project
[11:48:15] Status: SUCCESS
[11:48:15] Duration: 2.4s

[11:48:15] STEP: Synthesize CloudFormation
[11:48:37] Status: SUCCESS
[11:48:37] Duration: 22.8s

[11:48:37] STEP: Check bootstrap status
[11:48:38] Status: SUCCESS
[11:48:38] Duration: 824ms

[11:48:38] STEP: Check stack status
[11:48:39] Status: SUCCESS
[11:48:39] Duration: 860ms

[11:48:39] STEP: Deploy to AWS
[11:49:31] Status: SUCCESS
[11:49:31] Duration: 51.4s

[11:49:31] STEP: Persist deployment state
[11:49:32] Status: SUCCESS
[11:49:32] Duration: 1.8s

================================================================================
COMPLETED SUCCESSFULLY
Total Duration: 1m 32s
================================================================================
