================================================================================
AGENTCORE DEPLOY LOG
Command: deploy
Started: 2026-07-21T15:40:10.657Z
================================================================================


[11:40:10] STEP: Load deployment target
[11:40:12] Status: SUCCESS
[11:40:12] Duration: 1.6s

[11:40:12] STEP: Validate project
[11:40:14] Status: SUCCESS
[11:40:14] Duration: 2.3s

[11:40:15] STEP: Build CDK project
[11:40:17] Status: SUCCESS
[11:40:17] Duration: 2.2s

[11:40:17] STEP: Synthesize CloudFormation
[11:40:25] Status: SUCCESS
[11:40:25] Duration: 7.6s

[11:40:25] STEP: Check bootstrap status
[11:40:25] Status: SUCCESS
[11:40:25] Duration: 916ms

[11:40:26] STEP: Check stack status
[11:40:26] Status: SUCCESS
[11:40:26] Duration: 786ms

[11:40:26] STEP: Deploy to AWS
[11:41:05] Status: SUCCESS
[11:41:05] Duration: 39.2s

[11:41:06] STEP: Persist deployment state
[11:41:06] Status: SUCCESS
[11:41:06] Duration: 839ms

================================================================================
COMPLETED SUCCESSFULLY
Total Duration: 59.8s
================================================================================
