================================================================================
AGENTCORE DEPLOY LOG
Command: deploy
Started: 2026-07-21T15:15:07.047Z
================================================================================


[11:15:07] STEP: Load deployment target
[11:15:08] Status: SUCCESS
[11:15:08] Duration: 1.9s

[11:15:08] STEP: Validate project
[11:15:11] Status: SUCCESS
[11:15:11] Duration: 2.4s

[11:15:12] STEP: Build CDK project
[11:15:14] Status: SUCCESS
[11:15:14] Duration: 2.5s

[11:15:14] STEP: Synthesize CloudFormation
[11:15:23] Status: SUCCESS
[11:15:23] Duration: 8.9s

[11:15:23] STEP: Check bootstrap status
[11:15:24] Status: SUCCESS
[11:15:24] Duration: 742ms

[11:15:24] STEP: Check stack status
[11:15:25] Status: SUCCESS
[11:15:25] Duration: 907ms

[11:15:25] STEP: Deploy to AWS
[11:16:07] Status: SUCCESS
[11:16:07] Duration: 42.0s

[11:16:07] STEP: Persist deployment state
[11:16:08] Status: SUCCESS
[11:16:08] Duration: 944ms

================================================================================
COMPLETED SUCCESSFULLY
Total Duration: 1m 5s
================================================================================
