================================================================================
AGENTCORE DEPLOY LOG
Command: deploy
Started: 2026-07-21T15:09:42.027Z
================================================================================


[11:09:42] STEP: Load deployment target
[11:09:44] Status: SUCCESS
[11:09:44] Duration: 2.2s

[11:09:44] STEP: Validate project
[11:09:47] Status: SUCCESS
[11:09:47] Duration: 3.3s

[11:09:48] STEP: Build CDK project
[11:09:50] Status: SUCCESS
[11:09:50] Duration: 2.4s

[11:09:50] STEP: Synthesize CloudFormation
[11:10:00] Status: SUCCESS
[11:10:00] Duration: 9.1s

[11:10:00] STEP: Check bootstrap status
[11:10:01] Status: SUCCESS
[11:10:01] Duration: 1.4s

[11:10:01] STEP: Check stack status
[11:10:02] Status: SUCCESS
[11:10:02] Duration: 1.1s

[11:10:02] STEP: Deploy to AWS
[11:10:42] Status: SUCCESS
[11:10:42] Duration: 40.4s

[11:10:42] STEP: Persist deployment state
[11:10:44] Status: SUCCESS
[11:10:44] Duration: 1.3s

================================================================================
COMPLETED SUCCESSFULLY
Total Duration: 1m 6s
================================================================================
