================================================================================
AGENTCORE DEPLOY LOG
Command: deploy
Started: 2026-07-21T15:18:49.987Z
================================================================================


[11:18:49] STEP: Load deployment target
[11:18:51] Status: SUCCESS
[11:18:51] Duration: 1.8s

[11:18:51] STEP: Validate project
[11:18:53] Status: SUCCESS
[11:18:53] Duration: 2.2s

[11:18:54] STEP: Build CDK project
[11:18:57] Status: SUCCESS
[11:18:57] Duration: 2.4s

[11:18:57] STEP: Synthesize CloudFormation
[11:19:05] Status: SUCCESS
[11:19:05] Duration: 8.4s

[11:19:05] STEP: Check bootstrap status
[11:19:06] Status: SUCCESS
[11:19:06] Duration: 831ms

[11:19:06] STEP: Check stack status
[11:19:07] Status: SUCCESS
[11:19:07] Duration: 848ms

[11:19:07] STEP: Deploy to AWS
[11:19:49] Status: SUCCESS
[11:19:49] Duration: 42.8s

[11:19:49] STEP: Persist deployment state
[11:19:50] Status: SUCCESS
[11:19:50] Duration: 761ms

================================================================================
COMPLETED SUCCESSFULLY
Total Duration: 1m 4s
================================================================================
